###############################################################################
#
# IAR ELF Linker V7.80.4.12462/W32 for ARM                26/Oct/2019  11:06:57
# Copyright 2007-2017 IAR Systems AB.
#
#    Output file  =  
#        E:\资料\文件\程序\chengxu\空调程序链接基站20190807\IAR7_AirCo_Four_UPAndDownSUC0829\IAR7_AirCo_Four_UPAndDownSUC0829\Project\EWARMv6\Debug\Exe\project_enddev.out
#    Map file     =  
#        E:\资料\文件\程序\chengxu\空调程序链接基站20190807\IAR7_AirCo_Four_UPAndDownSUC0829\IAR7_AirCo_Four_UPAndDownSUC0829\Project\EWARMv6\Debug\List\project_enddev.map
#    Command line =  
#        E:\资料\文件\程序\chengxu\空调程序链接基站20190807\IAR7_AirCo_Four_UPAndDownSUC0829\IAR7_AirCo_Four_UPAndDownSUC0829\Project\EWARMv6\Debug\Obj\app.o
#        E:\资料\文件\程序\chengxu\空调程序链接基站20190807\IAR7_AirCo_Four_UPAndDownSUC0829\IAR7_AirCo_Four_UPAndDownSUC0829\Project\EWARMv6\Debug\Obj\app_hooks.o
#        E:\资料\文件\程序\chengxu\空调程序链接基站20190807\IAR7_AirCo_Four_UPAndDownSUC0829\IAR7_AirCo_Four_UPAndDownSUC0829\Project\EWARMv6\Debug\Obj\bsp.o
#        E:\资料\文件\程序\chengxu\空调程序链接基站20190807\IAR7_AirCo_Four_UPAndDownSUC0829\IAR7_AirCo_Four_UPAndDownSUC0829\Project\EWARMv6\Debug\Obj\bsp_cpu_flash.o
#        E:\资料\文件\程序\chengxu\空调程序链接基站20190807\IAR7_AirCo_Four_UPAndDownSUC0829\IAR7_AirCo_Four_UPAndDownSUC0829\Project\EWARMv6\Debug\Obj\bsp_led.o
#        E:\资料\文件\程序\chengxu\空调程序链接基站20190807\IAR7_AirCo_Four_UPAndDownSUC0829\IAR7_AirCo_Four_UPAndDownSUC0829\Project\EWARMv6\Debug\Obj\bsp_spi_bus.o
#        E:\资料\文件\程序\chengxu\空调程序链接基站20190807\IAR7_AirCo_Four_UPAndDownSUC0829\IAR7_AirCo_Four_UPAndDownSUC0829\Project\EWARMv6\Debug\Obj\bsp_timer.o
#        E:\资料\文件\程序\chengxu\空调程序链接基站20190807\IAR7_AirCo_Four_UPAndDownSUC0829\IAR7_AirCo_Four_UPAndDownSUC0829\Project\EWARMv6\Debug\Obj\bsp_user_lib.o
#        E:\资料\文件\程序\chengxu\空调程序链接基站20190807\IAR7_AirCo_Four_UPAndDownSUC0829\IAR7_AirCo_Four_UPAndDownSUC0829\Project\EWARMv6\Debug\Obj\bsp_wwdg.o
#        E:\资料\文件\程序\chengxu\空调程序链接基站20190807\IAR7_AirCo_Four_UPAndDownSUC0829\IAR7_AirCo_Four_UPAndDownSUC0829\Project\EWARMv6\Debug\Obj\cpu_a.o
#        E:\资料\文件\程序\chengxu\空调程序链接基站20190807\IAR7_AirCo_Four_UPAndDownSUC0829\IAR7_AirCo_Four_UPAndDownSUC0829\Project\EWARMv6\Debug\Obj\cpu_bsp.o
#        E:\资料\文件\程序\chengxu\空调程序链接基站20190807\IAR7_AirCo_Four_UPAndDownSUC0829\IAR7_AirCo_Four_UPAndDownSUC0829\Project\EWARMv6\Debug\Obj\cpu_c.o
#        E:\资料\文件\程序\chengxu\空调程序链接基站20190807\IAR7_AirCo_Four_UPAndDownSUC0829\IAR7_AirCo_Four_UPAndDownSUC0829\Project\EWARMv6\Debug\Obj\cpu_core.o
#        E:\资料\文件\程序\chengxu\空调程序链接基站20190807\IAR7_AirCo_Four_UPAndDownSUC0829\IAR7_AirCo_Four_UPAndDownSUC0829\Project\EWARMv6\Debug\Obj\crc16.o
#        E:\资料\文件\程序\chengxu\空调程序链接基站20190807\IAR7_AirCo_Four_UPAndDownSUC0829\IAR7_AirCo_Four_UPAndDownSUC0829\Project\EWARMv6\Debug\Obj\ds18b20.o
#        E:\资料\文件\程序\chengxu\空调程序链接基站20190807\IAR7_AirCo_Four_UPAndDownSUC0829\IAR7_AirCo_Four_UPAndDownSUC0829\Project\EWARMv6\Debug\Obj\key.o
#        E:\资料\文件\程序\chengxu\空调程序链接基站20190807\IAR7_AirCo_Four_UPAndDownSUC0829\IAR7_AirCo_Four_UPAndDownSUC0829\Project\EWARMv6\Debug\Obj\lcd.o
#        E:\资料\文件\程序\chengxu\空调程序链接基站20190807\IAR7_AirCo_Four_UPAndDownSUC0829\IAR7_AirCo_Four_UPAndDownSUC0829\Project\EWARMv6\Debug\Obj\lib_ascii.o
#        E:\资料\文件\程序\chengxu\空调程序链接基站20190807\IAR7_AirCo_Four_UPAndDownSUC0829\IAR7_AirCo_Four_UPAndDownSUC0829\Project\EWARMv6\Debug\Obj\lib_math.o
#        E:\资料\文件\程序\chengxu\空调程序链接基站20190807\IAR7_AirCo_Four_UPAndDownSUC0829\IAR7_AirCo_Four_UPAndDownSUC0829\Project\EWARMv6\Debug\Obj\lib_mem.o
#        E:\资料\文件\程序\chengxu\空调程序链接基站20190807\IAR7_AirCo_Four_UPAndDownSUC0829\IAR7_AirCo_Four_UPAndDownSUC0829\Project\EWARMv6\Debug\Obj\lib_mem_a.o
#        E:\资料\文件\程序\chengxu\空调程序链接基站20190807\IAR7_AirCo_Four_UPAndDownSUC0829\IAR7_AirCo_Four_UPAndDownSUC0829\Project\EWARMv6\Debug\Obj\lib_str.o
#        E:\资料\文件\程序\chengxu\空调程序链接基站20190807\IAR7_AirCo_Four_UPAndDownSUC0829\IAR7_AirCo_Four_UPAndDownSUC0829\Project\EWARMv6\Debug\Obj\misc.o
#        E:\资料\文件\程序\chengxu\空调程序链接基站20190807\IAR7_AirCo_Four_UPAndDownSUC0829\IAR7_AirCo_Four_UPAndDownSUC0829\Project\EWARMv6\Debug\Obj\os_core.o
#        E:\资料\文件\程序\chengxu\空调程序链接基站20190807\IAR7_AirCo_Four_UPAndDownSUC0829\IAR7_AirCo_Four_UPAndDownSUC0829\Project\EWARMv6\Debug\Obj\os_cpu_a.o
#        E:\资料\文件\程序\chengxu\空调程序链接基站20190807\IAR7_AirCo_Four_UPAndDownSUC0829\IAR7_AirCo_Four_UPAndDownSUC0829\Project\EWARMv6\Debug\Obj\os_cpu_c.o
#        E:\资料\文件\程序\chengxu\空调程序链接基站20190807\IAR7_AirCo_Four_UPAndDownSUC0829\IAR7_AirCo_Four_UPAndDownSUC0829\Project\EWARMv6\Debug\Obj\os_dbg.o
#        E:\资料\文件\程序\chengxu\空调程序链接基站20190807\IAR7_AirCo_Four_UPAndDownSUC0829\IAR7_AirCo_Four_UPAndDownSUC0829\Project\EWARMv6\Debug\Obj\os_flag.o
#        E:\资料\文件\程序\chengxu\空调程序链接基站20190807\IAR7_AirCo_Four_UPAndDownSUC0829\IAR7_AirCo_Four_UPAndDownSUC0829\Project\EWARMv6\Debug\Obj\os_mbox.o
#        E:\资料\文件\程序\chengxu\空调程序链接基站20190807\IAR7_AirCo_Four_UPAndDownSUC0829\IAR7_AirCo_Four_UPAndDownSUC0829\Project\EWARMv6\Debug\Obj\os_mem.o
#        E:\资料\文件\程序\chengxu\空调程序链接基站20190807\IAR7_AirCo_Four_UPAndDownSUC0829\IAR7_AirCo_Four_UPAndDownSUC0829\Project\EWARMv6\Debug\Obj\os_mutex.o
#        E:\资料\文件\程序\chengxu\空调程序链接基站20190807\IAR7_AirCo_Four_UPAndDownSUC0829\IAR7_AirCo_Four_UPAndDownSUC0829\Project\EWARMv6\Debug\Obj\os_q.o
#        E:\资料\文件\程序\chengxu\空调程序链接基站20190807\IAR7_AirCo_Four_UPAndDownSUC0829\IAR7_AirCo_Four_UPAndDownSUC0829\Project\EWARMv6\Debug\Obj\os_sem.o
#        E:\资料\文件\程序\chengxu\空调程序链接基站20190807\IAR7_AirCo_Four_UPAndDownSUC0829\IAR7_AirCo_Four_UPAndDownSUC0829\Project\EWARMv6\Debug\Obj\os_task.o
#        E:\资料\文件\程序\chengxu\空调程序链接基站20190807\IAR7_AirCo_Four_UPAndDownSUC0829\IAR7_AirCo_Four_UPAndDownSUC0829\Project\EWARMv6\Debug\Obj\os_time.o
#        E:\资料\文件\程序\chengxu\空调程序链接基站20190807\IAR7_AirCo_Four_UPAndDownSUC0829\IAR7_AirCo_Four_UPAndDownSUC0829\Project\EWARMv6\Debug\Obj\os_tmr.o
#        E:\资料\文件\程序\chengxu\空调程序链接基站20190807\IAR7_AirCo_Four_UPAndDownSUC0829\IAR7_AirCo_Four_UPAndDownSUC0829\Project\EWARMv6\Debug\Obj\startup_stm32f10x_md.o
#        E:\资料\文件\程序\chengxu\空调程序链接基站20190807\IAR7_AirCo_Four_UPAndDownSUC0829\IAR7_AirCo_Four_UPAndDownSUC0829\Project\EWARMv6\Debug\Obj\stm32f10x_adc.o
#        E:\资料\文件\程序\chengxu\空调程序链接基站20190807\IAR7_AirCo_Four_UPAndDownSUC0829\IAR7_AirCo_Four_UPAndDownSUC0829\Project\EWARMv6\Debug\Obj\stm32f10x_assert.o
#        E:\资料\文件\程序\chengxu\空调程序链接基站20190807\IAR7_AirCo_Four_UPAndDownSUC0829\IAR7_AirCo_Four_UPAndDownSUC0829\Project\EWARMv6\Debug\Obj\stm32f10x_bkp.o
#        E:\资料\文件\程序\chengxu\空调程序链接基站20190807\IAR7_AirCo_Four_UPAndDownSUC0829\IAR7_AirCo_Four_UPAndDownSUC0829\Project\EWARMv6\Debug\Obj\stm32f10x_can.o
#        E:\资料\文件\程序\chengxu\空调程序链接基站20190807\IAR7_AirCo_Four_UPAndDownSUC0829\IAR7_AirCo_Four_UPAndDownSUC0829\Project\EWARMv6\Debug\Obj\stm32f10x_cec.o
#        E:\资料\文件\程序\chengxu\空调程序链接基站20190807\IAR7_AirCo_Four_UPAndDownSUC0829\IAR7_AirCo_Four_UPAndDownSUC0829\Project\EWARMv6\Debug\Obj\stm32f10x_crc.o
#        E:\资料\文件\程序\chengxu\空调程序链接基站20190807\IAR7_AirCo_Four_UPAndDownSUC0829\IAR7_AirCo_Four_UPAndDownSUC0829\Project\EWARMv6\Debug\Obj\stm32f10x_dac.o
#        E:\资料\文件\程序\chengxu\空调程序链接基站20190807\IAR7_AirCo_Four_UPAndDownSUC0829\IAR7_AirCo_Four_UPAndDownSUC0829\Project\EWARMv6\Debug\Obj\stm32f10x_dbgmcu.o
#        E:\资料\文件\程序\chengxu\空调程序链接基站20190807\IAR7_AirCo_Four_UPAndDownSUC0829\IAR7_AirCo_Four_UPAndDownSUC0829\Project\EWARMv6\Debug\Obj\stm32f10x_dma.o
#        E:\资料\文件\程序\chengxu\空调程序链接基站20190807\IAR7_AirCo_Four_UPAndDownSUC0829\IAR7_AirCo_Four_UPAndDownSUC0829\Project\EWARMv6\Debug\Obj\stm32f10x_exti.o
#        E:\资料\文件\程序\chengxu\空调程序链接基站20190807\IAR7_AirCo_Four_UPAndDownSUC0829\IAR7_AirCo_Four_UPAndDownSUC0829\Project\EWARMv6\Debug\Obj\stm32f10x_flash.o
#        E:\资料\文件\程序\chengxu\空调程序链接基站20190807\IAR7_AirCo_Four_UPAndDownSUC0829\IAR7_AirCo_Four_UPAndDownSUC0829\Project\EWARMv6\Debug\Obj\stm32f10x_fsmc.o
#        E:\资料\文件\程序\chengxu\空调程序链接基站20190807\IAR7_AirCo_Four_UPAndDownSUC0829\IAR7_AirCo_Four_UPAndDownSUC0829\Project\EWARMv6\Debug\Obj\stm32f10x_gpio.o
#        E:\资料\文件\程序\chengxu\空调程序链接基站20190807\IAR7_AirCo_Four_UPAndDownSUC0829\IAR7_AirCo_Four_UPAndDownSUC0829\Project\EWARMv6\Debug\Obj\stm32f10x_i2c.o
#        E:\资料\文件\程序\chengxu\空调程序链接基站20190807\IAR7_AirCo_Four_UPAndDownSUC0829\IAR7_AirCo_Four_UPAndDownSUC0829\Project\EWARMv6\Debug\Obj\stm32f10x_it.o
#        E:\资料\文件\程序\chengxu\空调程序链接基站20190807\IAR7_AirCo_Four_UPAndDownSUC0829\IAR7_AirCo_Four_UPAndDownSUC0829\Project\EWARMv6\Debug\Obj\stm32f10x_iwdg.o
#        E:\资料\文件\程序\chengxu\空调程序链接基站20190807\IAR7_AirCo_Four_UPAndDownSUC0829\IAR7_AirCo_Four_UPAndDownSUC0829\Project\EWARMv6\Debug\Obj\stm32f10x_pwr.o
#        E:\资料\文件\程序\chengxu\空调程序链接基站20190807\IAR7_AirCo_Four_UPAndDownSUC0829\IAR7_AirCo_Four_UPAndDownSUC0829\Project\EWARMv6\Debug\Obj\stm32f10x_rcc.o
#        E:\资料\文件\程序\chengxu\空调程序链接基站20190807\IAR7_AirCo_Four_UPAndDownSUC0829\IAR7_AirCo_Four_UPAndDownSUC0829\Project\EWARMv6\Debug\Obj\stm32f10x_rtc.o
#        E:\资料\文件\程序\chengxu\空调程序链接基站20190807\IAR7_AirCo_Four_UPAndDownSUC0829\IAR7_AirCo_Four_UPAndDownSUC0829\Project\EWARMv6\Debug\Obj\stm32f10x_sdio.o
#        E:\资料\文件\程序\chengxu\空调程序链接基站20190807\IAR7_AirCo_Four_UPAndDownSUC0829\IAR7_AirCo_Four_UPAndDownSUC0829\Project\EWARMv6\Debug\Obj\stm32f10x_spi.o
#        E:\资料\文件\程序\chengxu\空调程序链接基站20190807\IAR7_AirCo_Four_UPAndDownSUC0829\IAR7_AirCo_Four_UPAndDownSUC0829\Project\EWARMv6\Debug\Obj\stm32f10x_tim.o
#        E:\资料\文件\程序\chengxu\空调程序链接基站20190807\IAR7_AirCo_Four_UPAndDownSUC0829\IAR7_AirCo_Four_UPAndDownSUC0829\Project\EWARMv6\Debug\Obj\stm32f10x_usart.o
#        E:\资料\文件\程序\chengxu\空调程序链接基站20190807\IAR7_AirCo_Four_UPAndDownSUC0829\IAR7_AirCo_Four_UPAndDownSUC0829\Project\EWARMv6\Debug\Obj\stm32f10x_wwdg.o
#        E:\资料\文件\程序\chengxu\空调程序链接基站20190807\IAR7_AirCo_Four_UPAndDownSUC0829\IAR7_AirCo_Four_UPAndDownSUC0829\Project\EWARMv6\Debug\Obj\sx127x_driv.o
#        E:\资料\文件\程序\chengxu\空调程序链接基站20190807\IAR7_AirCo_Four_UPAndDownSUC0829\IAR7_AirCo_Four_UPAndDownSUC0829\Project\EWARMv6\Debug\Obj\sx127x_protocol.o
#        E:\资料\文件\程序\chengxu\空调程序链接基站20190807\IAR7_AirCo_Four_UPAndDownSUC0829\IAR7_AirCo_Four_UPAndDownSUC0829\Project\EWARMv6\Debug\Obj\system_stm32f10x.o
#        E:\资料\文件\程序\chengxu\空调程序链接基站20190807\IAR7_AirCo_Four_UPAndDownSUC0829\IAR7_AirCo_Four_UPAndDownSUC0829\Project\EWARMv6\Debug\Obj\up.o
#        -o
#        E:\资料\文件\程序\chengxu\空调程序链接基站20190807\IAR7_AirCo_Four_UPAndDownSUC0829\IAR7_AirCo_Four_UPAndDownSUC0829\Project\EWARMv6\Debug\Exe\project_enddev.out
#        --map
#        E:\资料\文件\程序\chengxu\空调程序链接基站20190807\IAR7_AirCo_Four_UPAndDownSUC0829\IAR7_AirCo_Four_UPAndDownSUC0829\Project\EWARMv6\Debug\List\project_enddev.map
#        --config E:\IAR\arm\config\linker\ST\stm32f103xB.icf --semihosting
#        --entry __iar_program_start --vfe
#
###############################################################################

*******************************************************************************
*** RUNTIME MODEL ATTRIBUTES
***

CppFlavor       = *
__Heap_Handler  = Basic
__SystemLibrary = DLib


*******************************************************************************
*** PLACEMENT SUMMARY
***

"A0":  place at 0x08000000 { ro section .intvec };
"P1":  place in [from 0x08000000 to 0x0801ffff] { ro };
"P2":  place in [from 0x20000000 to 0x20004fff] { rw, block CSTACK, block HEAP };
initialize by copy { rw };

  Section             Kind        Address    Size  Object
  -------             ----        -------    ----  ------
"A0":                                        0xec
  .intvec             ro code  0x08000000    0xec  startup_stm32f10x_md.o [1]
                             - 0x080000ec    0xec

"P1":                                      0x7800
  .text               ro code  0x080000ec   0xd70  key.o [1]
  .text               ro code  0x08000e5c   0x644  stm32f10x_gpio.o [1]
  .text               ro code  0x080014a0   0x398  bsp_timer.o [1]
  .text               ro code  0x08001838   0x24c  ds18b20.o [1]
  .text               ro code  0x08001a84   0x914  up.o [1]
  .text               ro code  0x08002398   0x5f0  lcd.o [1]
  .text               ro code  0x08002988    0x76  ABImemcpy_unaligned.o [5]
  .text               ro code  0x080029fe     0xe  stm32f10x_it.o [1]
  .text               ro code  0x08002a0c   0x1b2  os_sem.o [1]
  .text               ro code  0x08002bbe     0x2  stm32f10x_assert.o [1]
  .text               ro code  0x08002bc0    0x24  printf.o [3]
  CODE                ro code  0x08002be4    0xac  os_cpu_a.o [1]
  .text               ro code  0x08002c90   0x1a4  stm32f10x_rcc.o [1]
  .text               ro code  0x08002e34   0x7a8  stm32f10x_tim.o [1]
  .text               ro code  0x080035dc   0x120  misc.o [1]
  .text               ro code  0x080036fc    0x1e  I32ToFlt.o [4]
  .rodata             const    0x0800371a     0x2  os_dbg.o [1]
  .text               ro code  0x0800371c    0x4e  FltToDbl.o [4]
  .rodata             const    0x0800376a     0x2  os_dbg.o [1]
  .text               ro code  0x0800376c   0x1a2  DblMul.o [4]
  .rodata             const    0x0800390e     0x2  os_dbg.o [1]
  .text               ro code  0x08003910    0x58  DblToI32.o [4]
  .text               ro code  0x08003968   0x904  os_core.o [1]
  .text               ro code  0x0800426c   0x14e  xprintftiny.o [3]
  .rodata             const    0x080043ba     0x2  os_dbg.o [1]
  .text               ro code  0x080043bc   0x13c  os_cpu_c.o [1]
  .text               ro code  0x080044f8   0x118  os_dbg.o [1]
  .text               ro code  0x08004610   0x134  os_time.o [1]
  .text               ro code  0x08004744   0x45c  os_task.o [1]
  .text               ro code  0x08004ba0    0x36  strlen.o [5]
  .text               ro code  0x08004bd6    0x10  app_hooks.o [1]
  .rodata             const    0x08004be6     0x2  os_dbg.o [1]
  .text               ro code  0x08004be8   0x510  sx127x_driv.o [1]
  .text               ro code  0x080050f8   0x2fc  bsp_spi_bus.o [1]
  .text               ro code  0x080053f4   0x13c  stm32f10x_exti.o [1]
  .text               ro code  0x08005530    0x1c  I32ToDbl.o [4]
  .text               ro code  0x0800554c   0x256  DblDiv.o [4]
  .rodata             const    0x080057a2     0x2  os_dbg.o [1]
  .text               ro code  0x080057a4   0x138  stm32f10x_spi.o [1]
  .text               ro code  0x080058dc   0x484  app.o [1]
  .text               ro code  0x08005d60    0x34  bsp.o [1]
  .text               ro code  0x08005d94   0x150  cpu_core.o [1]
  .text               ro code  0x08005ee4   0x3a0  sx127x_protocol.o [1]
  .text               ro code  0x08006284    0x30  crc16.o [1]
  CODE                ro code  0x080062b4    0x34  cpu_a.o [1]
  .text               ro code  0x080062e8    0x56  lib_mem.o [1]
  .rodata             const    0x0800633e     0x2  os_dbg.o [1]
  .text               ro code  0x08006340    0x3c  cpu_bsp.o [1]
  .text               ro code  0x0800637c    0x66  ABImemset.o [5]
  .rodata             const    0x080063e2     0x2  os_dbg.o [1]
  .rodata             const    0x080063e4   0x200  crc16.o [1]
  .text               ro code  0x080065e4   0x158  system_stm32f10x.o [1]
  .rodata             const    0x0800673c   0x100  os_core.o [1]
  .text               ro code  0x0800683c    0xd6  xfspos.o [3]
  .rodata             const    0x08006912     0x2  os_dbg.o [1]
  .text               ro code  0x08006914    0xb0  fflush.o [3]
  .text               ro code  0x080069c4     0xc  xfgpos.o [3]
  .text               ro code  0x080069d0    0x4c  lseek.o [6]
  .text               ro code  0x08006a1c     0xc  errno.o [3]
  .text               ro code  0x08006a28     0x4  xsyslock_nop.o [3]
  .text               ro code  0x08006a2c    0x10  write.o [6]
  .text               ro code  0x08006a3c    0xcc  XShHandles.o [3]
  .text               ro code  0x08006b08     0x2  xtls.o [3]
  .text               ro code  0x08006b0a    0x1e  dwrite.o [6]
  .text               ro code  0x08006b28    0x20  iarwstd.o [6]
  .text               ro code  0x08006b48    0x22  iarwrite.o [6]
  .rodata             const    0x08006b6a     0x2  os_dbg.o [1]
  .text               ro code  0x08006b6c    0x6c  iarttio.o [6]
  .text               ro code  0x08006bd8     0x8  XShttio.o [3]
  .text               ro code  0x08006be0    0xb8  xfwprep.o [3]
  .text               ro code  0x08006c98    0xb0  xxmemxmalloc.o [3]
  .text               ro code  0x08006d48    0x22  fseek.o [3]
  .rodata             const    0x08006d6a     0x2  os_dbg.o [1]
  .text               ro code  0x08006d6c    0x80  xxmemxfree.o [3]
  .text               ro code  0x08006dec    0x2c  xgetmemchunk.o [3]
  .rodata             const    0x08006e18    0xb0  stm32f10x_exti.o [1]
  .rodata             const    0x08006ec8    0xb0  stm32f10x_gpio.o [1]
  .rodata             const    0x08006f78    0xb0  stm32f10x_rcc.o [1]
  .rodata             const    0x08007028    0xb0  stm32f10x_spi.o [1]
  .rodata             const    0x080070d8    0xb0  stm32f10x_tim.o [1]
  .rodata             const    0x08007188    0xb0  stm32f10x_wwdg.o [1]
  .rodata             const    0x08007238    0xa8  misc.o [1]
  .rodata             const    0x080072e0    0x90  bsp_timer.o [1]
  .text               ro code  0x08007370    0x80  xfofind.o [3]
  .text               ro code  0x080073f0    0x7a  fclose.o [3]
  .text               ro code  0x0800746a    0x1a  close.o [6]
  .text               ro code  0x08007484    0x16  remove.o [6]
  .rodata             const    0x0800749a     0x2  os_dbg.o [1]
  .text               ro code  0x0800749c    0x58  xcloseall.o [3]
  .text               ro code  0x080074f4    0x56  fputc.o [3]
  .text               ro code  0x0800754a    0x40  zero_init3.o [5]
  .rodata             const    0x0800758a     0x2  os_dbg.o [1]
  .text               ro code  0x0800758c    0x38  stm32f10x_wwdg.o [1]
  .text               ro code  0x080075c4    0x38  packbits_init_single.o [5]
  .text               ro code  0x080075fc    0x28  data_init.o [5]
  .iar.init_table     const    0x08007624    0x20  - Linker created -
  .rodata             const    0x08007644    0x20  bsp_timer.o [1]
  .text               ro code  0x08007664    0x1a  cmain.o [5]
  .text               ro code  0x0800767e     0x4  low_level_init.o [3]
  .text               ro code  0x08007682     0x4  exit.o [3]
  .rodata             const    0x08007686     0x2  os_dbg.o [1]
  .text               ro code  0x08007688     0xe  cexit.o [5]
  .rodata             const    0x08007696     0x2  os_dbg.o [1]
  .text               ro code  0x08007698    0x14  exit.o [6]
  .text               ro code  0x080076ac    0x16  xprout.o [3]
  .rodata             const    0x080076c2     0x2  os_dbg.o [1]
  .text               ro code  0x080076c4     0xc  putchar.o [3]
  .rodata             const    0x080076d0    0x10  bsp_timer.o [1]
  .rodata             const    0x080076e0    0x10  os_core.o [1]
  .rodata             const    0x080076f0    0x10  os_core.o [1]
  .text               ro code  0x08007700    0x10  startup_stm32f10x_md.o [1]
  .text               ro code  0x08007710     0xe  bsp_wwdg.o [1]
  .rodata             const    0x0800771e     0x2  os_dbg.o [1]
  .rodata             const    0x08007720     0xc  app.o [1]
  .rodata             const    0x0800772c     0xc  app.o [1]
  .rodata             const    0x08007738     0xc  app.o [1]
  .text               ro code  0x08007744     0xc  cstartup_M.o [5]
  .rodata             const    0x08007750     0x4  os_dbg.o [1]
  .text               ro code  0x08007754     0x4  startup_stm32f10x_md.o [1]
  .text               ro code  0x08007758     0x4  startup_stm32f10x_md.o [1]
  .text               ro code  0x0800775c     0x4  startup_stm32f10x_md.o [1]
  .text               ro code  0x08007760     0x4  startup_stm32f10x_md.o [1]
  .text               ro code  0x08007764     0x4  startup_stm32f10x_md.o [1]
  .text               ro code  0x08007768     0x4  startup_stm32f10x_md.o [1]
  .text               ro code  0x0800776c     0x4  startup_stm32f10x_md.o [1]
  .text               ro code  0x08007770     0x4  startup_stm32f10x_md.o [1]
  .text               ro code  0x08007774     0x4  startup_stm32f10x_md.o [1]
  .text               ro code  0x08007778     0x4  startup_stm32f10x_md.o [1]
  .text               ro code  0x0800777c     0x4  startup_stm32f10x_md.o [1]
  .text               ro code  0x08007780     0x4  startup_stm32f10x_md.o [1]
  .text               ro code  0x08007784     0x4  startup_stm32f10x_md.o [1]
  .text               ro code  0x08007788     0x4  startup_stm32f10x_md.o [1]
  .text               ro code  0x0800778c     0x4  startup_stm32f10x_md.o [1]
  .text               ro code  0x08007790     0x4  startup_stm32f10x_md.o [1]
  .text               ro code  0x08007794     0x4  startup_stm32f10x_md.o [1]
  .text               ro code  0x08007798     0x4  startup_stm32f10x_md.o [1]
  .text               ro code  0x0800779c     0x4  startup_stm32f10x_md.o [1]
  .text               ro code  0x080077a0     0x4  startup_stm32f10x_md.o [1]
  .text               ro code  0x080077a4     0x4  startup_stm32f10x_md.o [1]
  .text               ro code  0x080077a8     0x4  startup_stm32f10x_md.o [1]
  .text               ro code  0x080077ac     0x4  startup_stm32f10x_md.o [1]
  .text               ro code  0x080077b0     0x4  startup_stm32f10x_md.o [1]
  .text               ro code  0x080077b4     0x4  startup_stm32f10x_md.o [1]
  .text               ro code  0x080077b8     0x4  startup_stm32f10x_md.o [1]
  .text               ro code  0x080077bc     0x4  startup_stm32f10x_md.o [1]
  .text               ro code  0x080077c0     0x4  startup_stm32f10x_md.o [1]
  .text               ro code  0x080077c4     0x4  startup_stm32f10x_md.o [1]
  .text               ro code  0x080077c8     0x4  startup_stm32f10x_md.o [1]
  .text               ro code  0x080077cc     0x4  startup_stm32f10x_md.o [1]
  .text               ro code  0x080077d0     0x4  startup_stm32f10x_md.o [1]
  .text               ro code  0x080077d4     0x4  startup_stm32f10x_md.o [1]
  .text               ro code  0x080077d8     0x4  startup_stm32f10x_md.o [1]
  .text               ro code  0x080077dc     0x4  startup_stm32f10x_md.o [1]
  .text               ro code  0x080077e0     0x4  startup_stm32f10x_md.o [1]
  .text               ro code  0x080077e4     0x4  startup_stm32f10x_md.o [1]
  .text               ro code  0x080077e8     0x4  startup_stm32f10x_md.o [1]
  .text               ro code  0x080077ec     0x4  startup_stm32f10x_md.o [1]
  .text               ro code  0x080077f0     0x4  startup_stm32f10x_md.o [1]
  .rodata             const    0x080077f4     0x2  os_dbg.o [1]
  .rodata             const    0x080077f6     0x2  os_dbg.o [1]
  .rodata             const    0x080077f8     0x2  os_dbg.o [1]
  .rodata             const    0x080077fa     0x2  os_dbg.o [1]
  .rodata             const    0x080077fc     0x2  os_dbg.o [1]
  .rodata             const    0x080077fe     0x2  os_dbg.o [1]
  .rodata             const    0x08007800     0x2  os_dbg.o [1]
  .rodata             const    0x08007802     0x2  os_dbg.o [1]
  .rodata             const    0x08007804     0x2  os_dbg.o [1]
  .rodata             const    0x08007806     0x2  os_dbg.o [1]
  .rodata             const    0x08007808     0x2  os_dbg.o [1]
  .rodata             const    0x0800780a     0x2  os_dbg.o [1]
  .rodata             const    0x0800780c     0x2  os_dbg.o [1]
  .rodata             const    0x0800780e     0x2  os_dbg.o [1]
  .rodata             const    0x08007810     0x2  os_dbg.o [1]
  .rodata             const    0x08007812     0x2  os_dbg.o [1]
  .rodata             const    0x08007814     0x2  os_dbg.o [1]
  .rodata             const    0x08007816     0x2  os_dbg.o [1]
  .rodata             const    0x08007818     0x2  os_dbg.o [1]
  .rodata             const    0x0800781a     0x2  os_dbg.o [1]
  .rodata             const    0x0800781c     0x2  os_dbg.o [1]
  .rodata             const    0x0800781e     0x2  os_dbg.o [1]
  .rodata             const    0x08007820     0x2  os_dbg.o [1]
  .rodata             const    0x08007822     0x2  os_dbg.o [1]
  .rodata             const    0x08007824     0x2  os_dbg.o [1]
  .rodata             const    0x08007826     0x2  os_dbg.o [1]
  .rodata             const    0x08007828     0x2  os_dbg.o [1]
  .rodata             const    0x0800782a     0x2  os_dbg.o [1]
  .rodata             const    0x0800782c     0x2  os_dbg.o [1]
  .rodata             const    0x0800782e     0x2  os_dbg.o [1]
  .rodata             const    0x08007830     0x2  os_dbg.o [1]
  .rodata             const    0x08007832     0x2  os_dbg.o [1]
  .rodata             const    0x08007834     0x2  os_dbg.o [1]
  .rodata             const    0x08007836     0x2  os_dbg.o [1]
  .rodata             const    0x08007838     0x2  os_dbg.o [1]
  .rodata             const    0x0800783a     0x2  os_dbg.o [1]
  .rodata             const    0x0800783c     0x2  os_dbg.o [1]
  .text               ro code  0x08007840     0x0  cstart_closeall.o [5]
  .rodata             const    0x08007840     0x0  zero_init3.o [5]
  .rodata             const    0x08007840     0x0  packbits_init_single.o [5]
  Initializer bytes   const    0x08007840    0xac  <for P2-1>
                             - 0x080078ec  0x7800

"P2", part 1 of 3:                          0x124
  P2-1                         0x20000000   0x124  <Init block>
    .data             inited   0x20000000    0x1c  app.o [1]
    .data             inited   0x2000001c    0x10  stm32f10x_rcc.o [1]
    .data             inited   0x2000002c     0x4  stm32f10x_rcc.o [1]
    .data             inited   0x20000030     0x4  system_stm32f10x.o [1]
    .data             inited   0x20000034    0x40  xfiles.o [3]
    .data             inited   0x20000074    0x40  xfiles.o [3]
    .data             inited   0x200000b4    0x40  xfiles.o [3]
    .data             inited   0x200000f4    0x20  xfiles.o [3]
    .data             inited   0x20000114     0x8  XShttio.o [3]
    __DLIB_PERTHREAD  inited   0x2000011c     0x4  errno.o [3]
    .data             inited   0x20000120     0x1  bsp_spi_bus.o [1]
    .data             inited   0x20000121     0x1  key.o [1]
    .data             inited   0x20000122     0x1  key.o [1]
    .data             inited   0x20000123     0x1  key.o [1]
                             - 0x20000124   0x124

"P2", part 2 of 3:                         0x1000
  CSTACK                       0x20000128   0x800  <Block>
    CSTACK            uninit   0x20000128   0x800  <Block tail>
  HEAP                         0x20000928   0x800  <Block>
    HEAP              uninit   0x20000928   0x800  <Block tail>
                             - 0x20001128  0x1000

"P2", part 3 of 3:                         0x2508
  .bss                zero     0x20001128   0x800  app.o [1]
  .bss                zero     0x20001928   0x6e0  os_core.o [1]
  .bss                zero     0x20002008   0x400  app.o [1]
  .bss                zero     0x20002408   0x400  app.o [1]
  .bss                zero     0x20002808   0x400  os_cpu_c.o [1]
  .bss                zero     0x20002c08   0x200  os_core.o [1]
  .bss                zero     0x20002e08   0x200  os_core.o [1]
  .bss                zero     0x20003008   0x100  app.o [1]
  .bss                zero     0x20003108   0x100  os_core.o [1]
  .bss                zero     0x20003208    0xf0  os_core.o [1]
  .bss                zero     0x200032f8    0xc8  bsp_spi_bus.o [1]
  .bss                zero     0x200033c0    0x80  XShHandles.o [3]
  .bss                zero     0x20003440    0x50  xfiles.o [3]
  .bss                zero     0x20003490    0x50  xfiles.o [3]
  .bss                zero     0x200034e0    0x40  app.o [1]
  .bss                zero     0x20003520    0x40  sx127x_protocol.o [1]
  .bss                zero     0x20003560    0x10  cpu_core.o [1]
  .bss                zero     0x20003570     0xc  bsp_timer.o [1]
  .bss                zero     0x2000357c     0x8  key.o [1]
  .bss                zero     0x20003584     0x8  os_core.o [1]
  .bss                zero     0x2000358c     0x8  xxmemxmalloc.o [3]
  .bss                zero     0x20003594     0x4  app.o [1]
  .bss                zero     0x20003598     0x4  app.o [1]
  .bss                zero     0x2000359c     0x4  app.o [1]
  .bss                zero     0x200035a0     0x4  bsp_spi_bus.o [1]
  .bss                zero     0x200035a4     0x4  bsp_timer.o [1]
  .bss                zero     0x200035a8     0x4  bsp_timer.o [1]
  .bss                zero     0x200035ac     0x4  bsp_timer.o [1]
  .bss                zero     0x200035b0     0x4  bsp_timer.o [1]
  .bss                zero     0x200035b4     0x4  cpu_core.o [1]
  .bss                zero     0x200035b8     0x4  cpu_core.o [1]
  .bss                zero     0x200035bc     0x4  cpu_core.o [1]
  .bss                zero     0x200035c0     0x4  cpu_core.o [1]
  .bss                zero     0x200035c4     0x4  cpu_core.o [1]
  .bss                zero     0x200035c8     0x4  cpu_core.o [1]
  .bss                zero     0x200035cc     0x4  os_core.o [1]
  .bss                zero     0x200035d0     0x4  os_core.o [1]
  .bss                zero     0x200035d4     0x4  os_core.o [1]
  .bss                zero     0x200035d8     0x4  os_core.o [1]
  .bss                zero     0x200035dc     0x4  os_core.o [1]
  .bss                zero     0x200035e0     0x4  os_core.o [1]
  .bss                zero     0x200035e4     0x4  os_core.o [1]
  .bss                zero     0x200035e8     0x4  os_core.o [1]
  .bss                zero     0x200035ec     0x4  os_core.o [1]
  .bss                zero     0x200035f0     0x4  os_core.o [1]
  .bss                zero     0x200035f4     0x4  os_cpu_c.o [1]
  .bss                zero     0x200035f8     0x4  sx127x_driv.o [1]
  .bss                zero     0x200035fc     0x4  sx127x_protocol.o [1]
  .bss                zero     0x20003600     0x4  sx127x_protocol.o [1]
  .bss                zero     0x20003604     0x4  sx127x_protocol.o [1]
  .bss                zero     0x20003608     0x4  xgetmemchunk.o [3]
  .bss                zero     0x2000360c     0x2  app.o [1]
  .bss                zero     0x2000360e     0x2  cpu_core.o [1]
  .bss                zero     0x20003610     0x2  cpu_core.o [1]
  .bss                zero     0x20003612     0x1  app.o [1]
  .bss                zero     0x20003613     0x1  app.o [1]
  .bss                zero     0x20003614     0x1  bsp_spi_bus.o [1]
  .bss                zero     0x20003615     0x1  bsp_spi_bus.o [1]
  .bss                zero     0x20003616     0x1  key.o [1]
  .bss                zero     0x20003617     0x1  key.o [1]
  .bss                zero     0x20003618     0x1  key.o [1]
  .bss                zero     0x20003619     0x1  key.o [1]
  .bss                zero     0x2000361a     0x1  key.o [1]
  .bss                zero     0x2000361b     0x1  key.o [1]
  .bss                zero     0x2000361c     0x1  key.o [1]
  .bss                zero     0x2000361d     0x1  key.o [1]
  .bss                zero     0x2000361e     0x1  key.o [1]
  .bss                zero     0x2000361f     0x1  key.o [1]
  .bss                zero     0x20003620     0x1  os_core.o [1]
  .bss                zero     0x20003621     0x1  os_core.o [1]
  .bss                zero     0x20003622     0x1  os_core.o [1]
  .bss                zero     0x20003623     0x1  os_core.o [1]
  .bss                zero     0x20003624     0x1  os_core.o [1]
  .bss                zero     0x20003625     0x1  os_core.o [1]
  .bss                zero     0x20003626     0x1  os_core.o [1]
  .bss                zero     0x20003627     0x1  os_core.o [1]
  .bss                zero     0x20003628     0x1  os_core.o [1]
  .bss                zero     0x20003629     0x1  os_core.o [1]
  .bss                zero     0x2000362a     0x1  os_core.o [1]
  .bss                zero     0x2000362b     0x1  sx127x_driv.o [1]
  .bss                zero     0x2000362c     0x1  sx127x_driv.o [1]
  .bss                zero     0x2000362d     0x1  sx127x_driv.o [1]
  .bss                zero     0x2000362e     0x1  sx127x_protocol.o [1]
  .bss                zero     0x2000362f     0x1  sx127x_protocol.o [1]
                             - 0x20003630  0x2508


*******************************************************************************
*** INIT TABLE
***

          Address     Size
          -------     ----
Zero (__iar_zero_init3)
    1 destination range, total size 0x2508:
          0x20001128  0x2508

Copy/packbits (__iar_packbits_init_single3)
    1 source range, total size 0xac (58% of destination):
          0x08007840    0xac
    1 destination range, total size 0x124:
          0x20000000   0x124



*******************************************************************************
*** MODULE SUMMARY
***

    Module                  ro code  ro data  rw data
    ------                  -------  -------  -------
E:\资料\文件\程序\chengxu\空调程序链接基站20190807\IAR7_AirCo_Four_UPAndDownSUC0829\IAR7_AirCo_Four_UPAndDownSUC0829\Project\EWARMv6\Debug\Obj: [1]
    app.o                     1 156       52    4 460
    app_hooks.o                  16
    bsp.o                        52
    bsp_spi_bus.o               764        1      207
    bsp_timer.o                 920      192       28
    bsp_wwdg.o                   14
    cpu_a.o                      52
    cpu_bsp.o                    60
    cpu_core.o                  336                44
    crc16.o                      48      512
    ds18b20.o                   588
    key.o                     3 440        2       21
    lcd.o                     1 520
    lib_mem.o                    86
    misc.o                      288      168
    os_core.o                 2 308      288    3 339
    os_cpu_a.o                  172
    os_cpu_c.o                  316             1 028
    os_dbg.o                    280      112
    os_sem.o                    434
    os_task.o                 1 116
    os_time.o                   308
    startup_stm32f10x_md.o      412
    stm32f10x_assert.o            2
    stm32f10x_exti.o            316      176
    stm32f10x_gpio.o          1 604      176
    stm32f10x_it.o               14
    stm32f10x_rcc.o             420      188       20
    stm32f10x_spi.o             312      176
    stm32f10x_tim.o           1 960      176
    stm32f10x_wwdg.o             56      176
    sx127x_driv.o             1 296                 7
    sx127x_protocol.o           928                78
    system_stm32f10x.o          344        2        4
    up.o                      2 324
    -------------------------------------------------
    Total:                   24 262    2 397    9 236

command line: [2]
    -------------------------------------------------
    Total:

dl7M_tlf.a: [3]
    XShHandles.o                204               128
    XShttio.o                     8        5        8
    errno.o                      12        2        4
    exit.o                        4
    fclose.o                    122
    fflush.o                    176
    fputc.o                      86
    fseek.o                      34
    low_level_init.o              4
    printf.o                     36
    putchar.o                    12
    xcloseall.o                  88
    xfgpos.o                     12
    xfiles.o                             132      384
    xfofind.o                   128
    xfspos.o                    214
    xfwprep.o                   184
    xgetmemchunk.o               44                 4
    xprintftiny.o               334
    xprout.o                     22
    xsyslock_nop.o                4
    xtls.o                        2
    xxmemxfree.o                128
    xxmemxmalloc.o              176                 8
    -------------------------------------------------
    Total:                    2 034      139      536

m7M_tl.a: [4]
    DblDiv.o                    598
    DblMul.o                    418
    DblToI32.o                   88
    FltToDbl.o                   78
    I32ToDbl.o                   28
    I32ToFlt.o                   30
    -------------------------------------------------
    Total:                    1 240

rt7M_tl.a: [5]
    ABImemcpy_unaligned.o       118
    ABImemset.o                 102
    cexit.o                      14
    cmain.o                      26
    cstart_closeall.o
    cstartup_M.o                 12
    data_init.o                  40
    packbits_init_single.o       56
    strlen.o                     54
    zero_init3.o                 64
    -------------------------------------------------
    Total:                      486

shb_l.a: [6]
    close.o                      26
    dwrite.o                     30
    exit.o                       20
    iarttio.o                   108
    iarwrite.o                   34
    iarwstd.o                    32
    lseek.o                      76
    remove.o                     22
    write.o                      16
    -------------------------------------------------
    Total:                      364

    Gaps                          2
    Linker created                        32    4 096
-----------------------------------------------------
    Grand Total:             28 388    2 568   13 868


*******************************************************************************
*** ENTRY LIST
***

Entry                      Address   Size  Type      Object
-----                      -------   ----  ----      ------
.iar.init_table$$Base   0x08007624          --   Gb  - Linker created -
.iar.init_table$$Limit  0x08007644          --   Gb  - Linker created -
?main                   0x08007665         Code  Gb  cmain.o [5]
ADCPrescTable           0x2000002c    0x4  Data  Lc  stm32f10x_rcc.o [1]
APBAHBPrescTable        0x2000001c   0x10  Data  Lc  stm32f10x_rcc.o [1]
Allocated_Chl_Rx        0x2000362c    0x1  Data  Gb  sx127x_driv.o [1]
Allocated_Chl_SF        0x2000362d    0x1  Data  Gb  sx127x_driv.o [1]
Allocated_Chl_Tx        0x2000362b    0x1  Data  Gb  sx127x_driv.o [1]
Allocated_rltv_addr     0x2000362f    0x1  Data  Lc  sx127x_protocol.o [1]
AppTaskCOMStk           0x20003008  0x100  Data  Lc  app.o [1]
AppTaskCom              0x08005d51   0x10  Code  Lc  app.o [1]
AppTaskCreate           0x080059f1   0xa4  Code  Lc  app.o [1]
AppTaskRECVStk          0x20001128  0x800  Data  Lc  app.o [1]
AppTaskRecv             0x08005a95   0xaa  Code  Lc  app.o [1]
AppTaskSENDStk          0x20002408  0x400  Data  Lc  app.o [1]
AppTaskSend             0x08005b41  0x196  Code  Lc  app.o [1]
AppTaskStart            0x0800595d   0x94  Code  Lc  app.o [1]
AppTaskStartStk         0x20002008  0x400  Data  Lc  app.o [1]
App_TCBInitHook         0x08004be3    0x2  Code  Gb  app_hooks.o [1]
App_TaskCreateHook      0x08004bd7    0x2  Code  Gb  app_hooks.o [1]
App_TaskDelHook         0x08004bd9    0x2  Code  Gb  app_hooks.o [1]
App_TaskIdleHook        0x08004bdb    0x2  Code  Gb  app_hooks.o [1]
App_TaskReturnHook      0x08004bdf    0x2  Code  Gb  app_hooks.o [1]
App_TaskStatHook        0x08004bdd    0x2  Code  Gb  app_hooks.o [1]
App_TaskSwHook          0x08004be1    0x2  Code  Gb  app_hooks.o [1]
App_TimeTickHook        0x08004be5    0x2  Code  Gb  app_hooks.o [1]
BSP_CPU_ClkFreq         0x08005d71   0x10  Code  Gb  bsp.o [1]
BSP_Tick_Init           0x08005d81   0x14  Code  Gb  bsp.o [1]
BS_OffLine_Counter      0x2000360c    0x2  Data  Lc  app.o [1]
BusFault_Handler        0x08002a05    0x2  Code  Gb  stm32f10x_it.o [1]
CPU_CntLeadZeros        0x080062d3         Code  Gb  cpu_a.o [1]
CPU_CntTrailZeros       0x080062d9         Code  Gb  cpu_a.o [1]
CPU_Init                0x08005d95   0x10  Code  Gb  cpu_core.o [1]
CPU_IntDis              0x080062b5         Code  Gb  cpu_a.o [1]
CPU_IntDisMeasCtr       0x2000360e    0x2  Data  Gb  cpu_core.o [1]
CPU_IntDisMeasInit      0x08005e4d   0x74  Code  Lc  cpu_core.o [1]
CPU_IntDisMeasMaxCur_cnts
                        0x200035c4    0x4  Data  Gb  cpu_core.o [1]
CPU_IntDisMeasMax_cnts  0x200035c8    0x4  Data  Gb  cpu_core.o [1]
CPU_IntDisMeasOvrhd_cnts
                        0x200035c0    0x4  Data  Gb  cpu_core.o [1]
CPU_IntDisMeasStart     0x08005dcf   0x28  Code  Gb  cpu_core.o [1]
CPU_IntDisMeasStart_cnts
                        0x200035b8    0x4  Data  Gb  cpu_core.o [1]
CPU_IntDisMeasStop      0x08005df7   0x40  Code  Gb  cpu_core.o [1]
CPU_IntDisMeasStop_cnts
                        0x200035bc    0x4  Data  Gb  cpu_core.o [1]
CPU_IntDisNestCtr       0x20003610    0x2  Data  Gb  cpu_core.o [1]
CPU_IntEn               0x080062b9         Code  Gb  cpu_a.o [1]
CPU_Name                0x20003560   0x10  Data  Gb  cpu_core.o [1]
CPU_NameClr             0x08005da5   0x24  Code  Gb  cpu_core.o [1]
CPU_NameInit            0x08005e37    0x8  Code  Lc  cpu_core.o [1]
CPU_RevBits             0x080062e3         Code  Gb  cpu_a.o [1]
CPU_SR_Restore          0x080062c5         Code  Gb  cpu_a.o [1]
CPU_SR_Save             0x080062bd         Code  Gb  cpu_a.o [1]
CPU_TS_Init             0x08005e3f    0xe  Code  Lc  cpu_core.o [1]
CPU_TS_TmrFreqSet       0x08005dc9    0x6  Code  Gb  cpu_core.o [1]
CPU_TS_TmrFreq_Hz       0x200035b4    0x4  Data  Gb  cpu_core.o [1]
CPU_TS_TmrInit          0x08006341   0x2a  Code  Gb  cpu_bsp.o [1]
CPU_TS_TmrRd            0x0800636b    0x6  Code  Gb  cpu_bsp.o [1]
CPU_WaitForExcept       0x080062cf         Code  Gb  cpu_a.o [1]
CPU_WaitForInt          0x080062cb         Code  Gb  cpu_a.o [1]
CSTACK$$Base            0x20000128          --   Gb  - Linker created -
CSTACK$$Limit           0x20000928          --   Gb  - Linker created -
ChushiHuashedingwendu   0x08001c19  0x180  Code  Gb  up.o [1]
DS18B20_Check           0x0800186f   0x66  Code  Gb  ds18b20.o [1]
DS18B20_Get_Temp        0x08001a0b   0x68  Code  Gb  ds18b20.o [1]
DS18B20_Init            0x080019dd   0x2e  Code  Gb  ds18b20.o [1]
DS18B20_Read_Bit        0x080018d5   0x64  Code  Gb  ds18b20.o [1]
DS18B20_Read_Byte       0x08001939   0x22  Code  Gb  ds18b20.o [1]
DS18B20_Rst             0x08001839   0x36  Code  Gb  ds18b20.o [1]
DS18B20_Start           0x080019c5   0x18  Code  Gb  ds18b20.o [1]
DS18B20_Write_Byte      0x0800195b   0x6a  Code  Gb  ds18b20.o [1]
DebugMon_Handler        0x08002a0b    0x2  Code  Gb  stm32f10x_it.o [1]
EXTI1_IRQHandler        0x080053b1   0x12  Code  Gb  bsp_spi_bus.o [1]
EXTI_ClearFlag          0x080054d7   0x1e  Code  Gb  stm32f10x_exti.o [1]
EXTI_ClearITPendingBit  0x080054f5   0x20  Code  Gb  stm32f10x_exti.o [1]
EXTI_Init               0x080053f5   0xe2  Code  Gb  stm32f10x_exti.o [1]
EndDev_Build_BRGACK     0x08006017   0x34  Code  Gb  sx127x_protocol.o [1]
EndDev_Build_JoinReq    0x08005f1d   0x88  Code  Gb  sx127x_protocol.o [1]
EndDev_Build_SyncReq    0x08005ee5   0x38  Code  Gb  sx127x_protocol.o [1]
EndDev_EventUp_Data     0x08005fa5   0x72  Code  Gb  sx127x_protocol.o [1]
EndDev_TxBuff           0x20003520   0x40  Data  Lc  sx127x_protocol.o [1]
FSM_LoRa_Type           0x2000362e    0x1  Data  Gb  sx127x_protocol.o [1]
GPIO_EXTILineConfig     0x08001319   0xf0  Code  Gb  stm32f10x_gpio.o [1]
GPIO_Init               0x08000e5d  0x16a  Code  Gb  stm32f10x_gpio.o [1]
GPIO_PinRemapConfig     0x0800116d  0x1a6  Code  Gb  stm32f10x_gpio.o [1]
GPIO_ReadInputDataBit   0x08000fc7   0xda  Code  Gb  stm32f10x_gpio.o [1]
GPIO_ResetBits          0x080010ff   0x56  Code  Gb  stm32f10x_gpio.o [1]
GPIO_SetBits            0x080010a1   0x5e  Code  Gb  stm32f10x_gpio.o [1]
Get_sx127xData          0x0800531d   0x94  Code  Gb  bsp_spi_bus.o [1]
Gettemp_up              0x08001b4f   0xca  Code  Gb  up.o [1]
Getwendu                0x080021a7  0x1d8  Code  Gb  up.o [1]
Ggewei                  0x2000361d    0x1  Data  Gb  key.o [1]
HEAP$$Base              0x20000928          --   Gb  - Linker created -
HEAP$$Limit             0x20001128          --   Gb  - Linker created -
HardFault_Handler       0x08002a01    0x2  Code  Gb  stm32f10x_it.o [1]
Ht1621WrOneData         0x08002657   0x38  Code  Gb  lcd.o [1]
Ht1621Wr_Data1          0x0800268f   0x4a  Code  Gb  lcd.o [1]
KEY_CAOZUO              0x0800025f  0x8d2  Code  Gb  key.o [1]
KEY_Init                0x080000ed   0x56  Code  Gb  key.o [1]
KEY_Scan                0x08000143  0x11c  Code  Gb  key.o [1]
KEY_Scan::key_up        0x20000123    0x1  Data  Lc  key.o [1]
MemManage_Handler       0x08002a03    0x2  Code  Gb  stm32f10x_it.o [1]
Mem_Clr                 0x080062e9    0xc  Code  Gb  lib_mem.o [1]
Mem_Set                 0x080062f5   0x4a  Code  Gb  lib_mem.o [1]
NMI_Handler             0x080029ff    0x2  Code  Gb  stm32f10x_it.o [1]
NVIC_DisableIRQ         0x0800510d   0x14  Code  Lc  bsp_spi_bus.o [1]
NVIC_DisableIRQ         0x08004bff   0x16  Code  Lc  sx127x_driv.o [1]
NVIC_EnableIRQ          0x080050f9   0x14  Code  Lc  bsp_spi_bus.o [1]
NVIC_EnableIRQ          0x08004be9   0x16  Code  Lc  sx127x_driv.o [1]
NVIC_Init               0x08003611   0x92  Code  Gb  misc.o [1]
NVIC_PriorityGroupConfig
                        0x080035dd   0x34  Code  Gb  misc.o [1]
NVIC_SetPriority        0x080014a1   0x26  Code  Lc  bsp_timer.o [1]
NVIC_SetVectorTable     0x080036a3   0x34  Code  Gb  misc.o [1]
OSCPUUsage              0x20003620    0x1  Data  Gb  os_core.o [1]
OSCtxSw                 0x08002c17         Code  Gb  os_cpu_a.o [1]
OSCtxSwCtr              0x200035cc    0x4  Data  Gb  os_core.o [1]
OSDataSize              0x0800783c    0x2  Data  Gb  os_dbg.o [1]
OSDebugEn               0x0800371a    0x2  Data  Gb  os_dbg.o [1]
OSDebugInit             0x080044f9  0x118  Code  Gb  os_dbg.o [1]
OSEndiannessTest        0x08007750    0x4  Data  Gb  os_dbg.o [1]
OSEventEn               0x0800376a    0x2  Data  Gb  os_dbg.o [1]
OSEventFreeList         0x200035d0    0x4  Data  Gb  os_core.o [1]
OSEventMax              0x0800390e    0x2  Data  Gb  os_dbg.o [1]
OSEventMultiEn          0x0800633e    0x2  Data  Gb  os_dbg.o [1]
OSEventNameEn           0x080043ba    0x2  Data  Gb  os_dbg.o [1]
OSEventSize             0x08004be6    0x2  Data  Gb  os_dbg.o [1]
OSEventTbl              0x20003208   0xf0  Data  Gb  os_core.o [1]
OSEventTblSize          0x080057a2    0x2  Data  Gb  os_dbg.o [1]
OSFlagEn                0x080063e2    0x2  Data  Gb  os_dbg.o [1]
OSFlagGrpSize           0x08006912    0x2  Data  Gb  os_dbg.o [1]
OSFlagMax               0x0800749a    0x2  Data  Gb  os_dbg.o [1]
OSFlagNameEn            0x0800758a    0x2  Data  Gb  os_dbg.o [1]
OSFlagNodeSize          0x08006b6a    0x2  Data  Gb  os_dbg.o [1]
OSFlagWidth             0x08006d6a    0x2  Data  Gb  os_dbg.o [1]
OSIdleCtr               0x200035dc    0x4  Data  Gb  os_core.o [1]
OSIdleCtrMax            0x200035d4    0x4  Data  Gb  os_core.o [1]
OSIdleCtrRun            0x200035d8    0x4  Data  Gb  os_core.o [1]
OSInit                  0x08003969   0x28  Code  Gb  os_core.o [1]
OSInitHookBegin         0x080043bd   0x1c  Code  Gb  os_cpu_c.o [1]
OSInitHookEnd           0x080043d9    0x2  Code  Gb  os_cpu_c.o [1]
OSIntCtxSw              0x08002c1f         Code  Gb  os_cpu_a.o [1]
OSIntEnter              0x08003991   0x24  Code  Gb  os_core.o [1]
OSIntExit               0x080039b5   0x94  Code  Gb  os_core.o [1]
OSIntNesting            0x20003622    0x1  Data  Gb  os_core.o [1]
OSLockNesting           0x20003623    0x1  Data  Gb  os_core.o [1]
OSLowestPrio            0x08007686    0x2  Data  Gb  os_dbg.o [1]
OSMboxEn                0x08007696    0x2  Data  Gb  os_dbg.o [1]
OSMemEn                 0x080076c2    0x2  Data  Gb  os_dbg.o [1]
OSMemMax                0x0800771e    0x2  Data  Gb  os_dbg.o [1]
OSMemNameEn             0x080077f4    0x2  Data  Gb  os_dbg.o [1]
OSMemSize               0x080077f6    0x2  Data  Gb  os_dbg.o [1]
OSMemTblSize            0x080077f8    0x2  Data  Gb  os_dbg.o [1]
OSMutexEn               0x080077fa    0x2  Data  Gb  os_dbg.o [1]
OSPrioCur               0x20003624    0x1  Data  Gb  os_core.o [1]
OSPrioHighRdy           0x20003625    0x1  Data  Gb  os_core.o [1]
OSPtrSize               0x080077fc    0x2  Data  Gb  os_dbg.o [1]
OSQEn                   0x080077fe    0x2  Data  Gb  os_dbg.o [1]
OSQMax                  0x08007800    0x2  Data  Gb  os_dbg.o [1]
OSQSize                 0x08007802    0x2  Data  Gb  os_dbg.o [1]
OSRdyGrp                0x20003626    0x1  Data  Gb  os_core.o [1]
OSRdyTbl                0x20003584    0x8  Data  Gb  os_core.o [1]
OSRdyTblSize            0x08007804    0x2  Data  Gb  os_dbg.o [1]
OSRunning               0x20003627    0x1  Data  Gb  os_core.o [1]
OSSemCreate             0x08002a0d   0x4c  Code  Gb  os_sem.o [1]
OSSemEn                 0x08007806    0x2  Data  Gb  os_dbg.o [1]
OSSemPend               0x08002a59   0xec  Code  Gb  os_sem.o [1]
OSSemPost               0x08002b5d   0x62  Code  Gb  os_sem.o [1]
OSStart                 0x08003a49   0x42  Code  Gb  os_core.o [1]
OSStartHighRdy          0x08002bf3         Code  Gb  os_cpu_a.o [1]
OSStatInit              0x08003a8b   0x3e  Code  Gb  os_core.o [1]
OSStatRdy               0x20003621    0x1  Data  Gb  os_core.o [1]
OSStkWidth              0x08007808    0x2  Data  Gb  os_dbg.o [1]
OSTCBCur                0x200035e0    0x4  Data  Gb  os_core.o [1]
OSTCBFreeList           0x200035e4    0x4  Data  Gb  os_core.o [1]
OSTCBHighRdy            0x200035e8    0x4  Data  Gb  os_core.o [1]
OSTCBInitHook           0x0800448b    0x8  Code  Gb  os_cpu_c.o [1]
OSTCBList               0x200035ec    0x4  Data  Gb  os_core.o [1]
OSTCBPrioTbl            0x20003108  0x100  Data  Gb  os_core.o [1]
OSTCBPrioTblMax         0x08007820    0x2  Data  Gb  os_dbg.o [1]
OSTCBSize               0x08007822    0x2  Data  Gb  os_dbg.o [1]
OSTCBTbl                0x20001928  0x6e0  Data  Gb  os_core.o [1]
OSTaskCreateEn          0x0800780a    0x2  Data  Gb  os_dbg.o [1]
OSTaskCreateExt         0x08004745   0xca  Code  Gb  os_task.o [1]
OSTaskCreateExtEn       0x0800780c    0x2  Data  Gb  os_dbg.o [1]
OSTaskCreateHook        0x080043db    0x8  Code  Gb  os_cpu_c.o [1]
OSTaskCtr               0x20003628    0x1  Data  Gb  os_core.o [1]
OSTaskDel               0x0800480f  0x17c  Code  Gb  os_task.o [1]
OSTaskDelEn             0x0800780e    0x2  Data  Gb  os_dbg.o [1]
OSTaskDelHook           0x080043e3    0x8  Code  Gb  os_cpu_c.o [1]
OSTaskIdleHook          0x080043eb    0x8  Code  Gb  os_cpu_c.o [1]
OSTaskIdleStk           0x20002e08  0x200  Data  Gb  os_core.o [1]
OSTaskIdleStkSize       0x08007810    0x2  Data  Gb  os_dbg.o [1]
OSTaskMax               0x08007814    0x2  Data  Gb  os_dbg.o [1]
OSTaskNameEn            0x08007816    0x2  Data  Gb  os_dbg.o [1]
OSTaskNameSet           0x0800498b   0x7c  Code  Gb  os_task.o [1]
OSTaskProfileEn         0x08007812    0x2  Data  Gb  os_dbg.o [1]
OSTaskRegNextAvailID    0x2000362a    0x1  Data  Gb  os_core.o [1]
OSTaskReturnHook        0x080043f3    0x8  Code  Gb  os_cpu_c.o [1]
OSTaskStatEn            0x08007818    0x2  Data  Gb  os_dbg.o [1]
OSTaskStatHook          0x080043fb    0x8  Code  Gb  os_cpu_c.o [1]
OSTaskStatStk           0x20002c08  0x200  Data  Gb  os_core.o [1]
OSTaskStatStkChkEn      0x0800781c    0x2  Data  Gb  os_dbg.o [1]
OSTaskStatStkSize       0x0800781a    0x2  Data  Gb  os_dbg.o [1]
OSTaskStkChk            0x08004a07   0x8a  Code  Gb  os_task.o [1]
OSTaskStkInit           0x08004403   0x80  Code  Gb  os_cpu_c.o [1]
OSTaskSuspend           0x08004a95   0xb8  Code  Gb  os_task.o [1]
OSTaskSwHook            0x08004483    0x8  Code  Gb  os_cpu_c.o [1]
OSTaskSwHookEn          0x0800781e    0x2  Data  Gb  os_dbg.o [1]
OSTickStepState         0x20003629    0x1  Data  Gb  os_core.o [1]
OSTicksPerSec           0x08007824    0x2  Data  Gb  os_dbg.o [1]
OSTime                  0x200035f0    0x4  Data  Gb  os_core.o [1]
OSTimeDly               0x08004611   0x68  Code  Gb  os_time.o [1]
OSTimeDlyHMSM           0x08004679   0x8c  Code  Gb  os_time.o [1]
OSTimeGet               0x08004705   0x14  Code  Gb  os_time.o [1]
OSTimeSet               0x08004719   0x14  Code  Gb  os_time.o [1]
OSTimeTick              0x08003ac9   0xe4  Code  Gb  os_core.o [1]
OSTimeTickHook          0x08004493    0x8  Code  Gb  os_cpu_c.o [1]
OSTimeTickHookEn        0x08007826    0x2  Data  Gb  os_dbg.o [1]
OSTmrCfgMax             0x0800782c    0x2  Data  Gb  os_dbg.o [1]
OSTmrCfgNameEn          0x0800782e    0x2  Data  Gb  os_dbg.o [1]
OSTmrCfgTicksPerSec     0x08007832    0x2  Data  Gb  os_dbg.o [1]
OSTmrCfgWheelSize       0x08007830    0x2  Data  Gb  os_dbg.o [1]
OSTmrEn                 0x0800782a    0x2  Data  Gb  os_dbg.o [1]
OSTmrSize               0x08007834    0x2  Data  Gb  os_dbg.o [1]
OSTmrTblSize            0x08007836    0x2  Data  Gb  os_dbg.o [1]
OSTmrWheelSize          0x08007838    0x2  Data  Gb  os_dbg.o [1]
OSTmrWheelTblSize       0x0800783a    0x2  Data  Gb  os_dbg.o [1]
OSUnMapTbl              0x0800673c  0x100  Data  Gb  os_core.o [1]
OSVersionNbr            0x08007828    0x2  Data  Gb  os_dbg.o [1]
OS_CPU_ExceptStk        0x20002808  0x400  Data  Gb  os_cpu_c.o [1]
OS_CPU_ExceptStkBase    0x200035f4    0x4  Data  Gb  os_cpu_c.o [1]
OS_CPU_PendSVHandler    0x08002c27         Code  Gb  os_cpu_a.o [1]
OS_CPU_SR_Restore       0x08002bed         Code  Gb  os_cpu_a.o [1]
OS_CPU_SR_Save          0x08002be5         Code  Gb  os_cpu_a.o [1]
OS_CPU_SysTickHandler   0x0800449b   0x1c  Code  Gb  os_cpu_c.o [1]
OS_CPU_SysTickInit      0x080044b7   0x26  Code  Gb  os_cpu_c.o [1]
OS_Dummy                0x08003bad    0x2  Code  Gb  os_core.o [1]
OS_EventTaskRdy         0x08003baf   0x8e  Code  Gb  os_core.o [1]
OS_EventTaskRemove      0x08003cc9   0x38  Code  Gb  os_core.o [1]
OS_EventTaskRemoveMulti
                        0x08003d01   0x42  Code  Gb  os_core.o [1]
OS_EventTaskWait        0x08003c3d   0x8c  Code  Gb  os_core.o [1]
OS_EventWaitListInit    0x08003d43   0x1c  Code  Gb  os_core.o [1]
OS_InitEventList        0x08003d5f   0x64  Code  Lc  os_core.o [1]
OS_InitMisc             0x08003dc3   0x56  Code  Lc  os_core.o [1]
OS_InitRdyList          0x08003e19   0x40  Code  Lc  os_core.o [1]
OS_InitTCBList          0x08003ed1   0x6e  Code  Lc  os_core.o [1]
OS_InitTaskIdle         0x08003e59   0x3c  Code  Lc  os_core.o [1]
OS_InitTaskStat         0x08003e95   0x3c  Code  Lc  os_core.o [1]
OS_MemClr               0x08003f3f   0x12  Code  Gb  os_core.o [1]
OS_Sched                0x08003f51   0x5c  Code  Gb  os_core.o [1]
OS_SchedNew             0x08003fad   0x20  Code  Lc  os_core.o [1]
OS_TCBInit              0x080040bd  0x134  Code  Gb  os_core.o [1]
OS_TaskIdle             0x08003fcd   0x20  Code  Gb  os_core.o [1]
OS_TaskReturn           0x08004b4d   0x12  Code  Gb  os_task.o [1]
OS_TaskStat             0x08003ff1   0x86  Code  Gb  os_core.o [1]
OS_TaskStatStkChk       0x08004077   0x3e  Code  Gb  os_core.o [1]
OS_TaskStkClr           0x08004b89   0x18  Code  Gb  os_task.o [1]
Packet_Parse            0x0800604b  0x204  Code  Gb  sx127x_protocol.o [1]
RCC_APB1PeriphClockCmd  0x08002dbd   0x4e  Code  Gb  stm32f10x_rcc.o [1]
RCC_APB2PeriphClockCmd  0x08002d6f   0x4e  Code  Gb  stm32f10x_rcc.o [1]
RCC_GetClocksFreq       0x08002c91   0xde  Code  Gb  stm32f10x_rcc.o [1]
RF_Recv_Sem             0x20003594    0x4  Data  Gb  app.o [1]
RF_Send_Sem             0x20003598    0x4  Data  Gb  app.o [1]
Region$$Table$$Base     0x08007624          --   Gb  - Linker created -
Region$$Table$$Limit    0x08007644          --   Gb  - Linker created -
SPI_1278_ReadWriteByte  0x080052c3   0x4e  Code  Gb  bsp_spi_bus.o [1]
SPI_Cmd                 0x080057a5   0x5e  Code  Gb  stm32f10x_spi.o [1]
SPI_I2S_GetFlagStatus   0x0800585d   0x6e  Code  Gb  stm32f10x_spi.o [1]
SPI_I2S_ReceiveData     0x08005831   0x2c  Code  Gb  stm32f10x_spi.o [1]
SPI_I2S_SendData        0x08005803   0x2e  Code  Gb  stm32f10x_spi.o [1]
SVC_Handler             0x08002a09    0x2  Code  Gb  stm32f10x_it.o [1]
SetSysClock             0x08006639    0x8  Code  Lc  system_stm32f10x.o [1]
SetSysClockTo72         0x08006641   0xe0  Code  Lc  system_stm32f10x.o [1]
Settemp_up              0x08001a85   0xca  Code  Gb  up.o [1]
Sshineigewei0           0x080028c1   0x14  Code  Gb  lcd.o [1]
Sshineigewei1           0x080028d5   0x14  Code  Gb  lcd.o [1]
Sshineigewei2           0x080028e9   0x14  Code  Gb  lcd.o [1]
Sshineigewei3           0x080028fd   0x14  Code  Gb  lcd.o [1]
Sshineigewei4           0x08002911   0x14  Code  Gb  lcd.o [1]
Sshineigewei5           0x08002925   0x14  Code  Gb  lcd.o [1]
Sshineigewei6           0x08002939   0x14  Code  Gb  lcd.o [1]
Sshineigewei7           0x0800294d   0x14  Code  Gb  lcd.o [1]
Sshineigewei8           0x08002961   0x14  Code  Gb  lcd.o [1]
Sshineigewei9           0x08002975   0x14  Code  Gb  lcd.o [1]
Sshineishiwei1          0x080027e5   0x14  Code  Gb  lcd.o [1]
Sshineishiwei2          0x080027d1   0x14  Code  Gb  lcd.o [1]
Sshineishiwei3          0x080027bd   0x14  Code  Gb  lcd.o [1]
Sshiwei                 0x2000361c    0x1  Data  Gb  key.o [1]
SysTick_Config          0x080014c7   0x36  Code  Lc  bsp_timer.o [1]
SystemCoreClock         0x20000030    0x4  Data  Gb  system_stm32f10x.o [1]
SystemInit              0x080065e5   0x54  Code  Gb  system_stm32f10x.o [1]
TIM2_IRQHandler         0x08001743   0xb8  Code  Gb  bsp_timer.o [1]
TIM_ClearITPendingBit   0x08003501   0x96  Code  Gb  stm32f10x_tim.o [1]
TIM_Cmd                 0x08002fe9   0xcc  Code  Gb  stm32f10x_tim.o [1]
TIM_GetCounter          0x0800336d   0x8a  Code  Gb  stm32f10x_tim.o [1]
TIM_GetITStatus         0x08003419   0xe2  Code  Gb  stm32f10x_tim.o [1]
TIM_ITConfig            0x080030b5   0xe2  Code  Gb  stm32f10x_tim.o [1]
TIM_SetCompare1         0x080031dd   0x7c  Code  Gb  stm32f10x_tim.o [1]
TIM_SetCompare2         0x08003259   0x56  Code  Gb  stm32f10x_tim.o [1]
TIM_SetCompare3         0x080032c9   0x44  Code  Gb  stm32f10x_tim.o [1]
TIM_SetCompare4         0x0800330d   0x46  Code  Gb  stm32f10x_tim.o [1]
TIM_TimeBaseInit        0x08002e35  0x170  Code  Gb  stm32f10x_tim.o [1]
UsageFault_Handler      0x08002a07    0x2  Code  Gb  stm32f10x_it.o [1]
User_TimerISR           0x080058e7   0x2e  Code  Gb  app.o [1]
WWDG_ClearFlag          0x080075af    0x8  Code  Gb  stm32f10x_wwdg.o [1]
WWDG_IRQHandler         0x08007711    0xe  Code  Gb  bsp_wwdg.o [1]
WWDG_SetCounter         0x0800758d   0x22  Code  Gb  stm32f10x_wwdg.o [1]
_Close_all              0x0800749d   0x58  Code  Gb  xcloseall.o [3]
_Files                  0x200000f4   0x20  Data  Gb  xfiles.o [3]
_Fofree                 0x08007371   0x78  Code  Gb  xfofind.o [3]
_Fspos                  0x0800683d   0xd6  Code  Gb  xfspos.o [3]
_Fwprep                 0x08006be1   0xb8  Code  Gb  xfwprep.o [3]
_Nnl                    0x080069c5    0xc  Code  Gb  xfgpos.o [3]
_PrintfTiny             0x08004285  0x136  Code  Gb  xprintftiny.o [3]
_Prout                  0x080076ad   0x16  Code  Gb  xprout.o [3]
__aeabi_d2iz            0x08003911         Code  Gb  DblToI32.o [4]
__aeabi_d2uiz           0x0800393d         Code  Gb  DblToI32.o [4]
__aeabi_ddiv            0x0800554d         Code  Gb  DblDiv.o [4]
__aeabi_dmul            0x0800376d         Code  Gb  DblMul.o [4]
__aeabi_errno_addr      0x08006a1d    0x6  Code  Gb  errno.o [3]
__aeabi_f2d             0x0800371d         Code  Gb  FltToDbl.o [4]
__aeabi_memset          0x0800637d         Code  Gb  ABImemset.o [5]
__aeabi_ui2d            0x08005531         Code  Gb  I32ToDbl.o [4]
__aeabi_ui2f            0x080036fd         Code  Gb  I32ToFlt.o [4]
__cexit_closeall        0x0800768b         Code  Gb  cexit.o [5]
__close                 0x0800746b   0x1a  Code  Gb  close.o [6]
__cmain                 0x08007665         Code  Gb  cmain.o [5]
__cstart_closeall       0x08007840         Data  Gb  cstart_closeall.o [5]
__data_Aldata           0x2000358c    0x8  Data  Gb  xxmemxmalloc.o [3]
__data_GetMemChunk      0x08006ded   0x2c  Code  Gb  xgetmemchunk.o [3]
__data_GetMemChunk::start
                        0x20003608    0x4  Data  Lc  xgetmemchunk.o [3]
__dwrite                0x08006b0b   0x1e  Code  Gb  dwrite.o [6]
__exit                  0x08007699   0x14  Code  Gb  exit.o [6]
__iar_Errno             0x2000011c    0x4  Data  Gb  errno.o [3]
__iar_Lockfilelock      0x08006a29    0x2  Code  Gb  xsyslock_nop.o [3]
__iar_Memset            0x0800637d         Code  Gb  ABImemset.o [5]
__iar_Memset_word       0x08006385         Code  Gb  ABImemset.o [5]
__iar_Stderr            0x200000b4   0x40  Data  Gb  xfiles.o [3]
__iar_Stdin             0x20000034   0x40  Data  Gb  xfiles.o [3]
__iar_Stdout            0x20000074   0x40  Data  Gb  xfiles.o [3]
__iar_Unlockfilelock    0x08006a2b    0x2  Code  Gb  xsyslock_nop.o [3]
__iar_close_ttio        0x08006b6d   0x2e  Code  Gb  iarttio.o [6]
__iar_d2uiz             0x08003949         Code  Gb  DblToI32.o [4]
__iar_data_init3        0x080075fd   0x28  Code  Gb  data_init.o [5]
__iar_dlib_perthread_access
                        0x08006b09    0x2  Code  Gb  xtls.o [3]
__iar_get_ttio          0x08006b9d   0x38  Code  Gb  iarttio.o [6]
__iar_lookup_ttioh      0x08006bd9    0x8  Code  Gb  XShttio.o [3]
__iar_packbits_init_single3
                        0x080075c5   0x38  Code  Gb  packbits_init_single.o [5]
__iar_program_start     0x08007745         Code  Gb  cstartup_M.o [5]
__iar_sh_Discard        0x08006a3d   0x3e  Code  Gb  XShHandles.o [3]
__iar_sh_Move           0x08006a81   0x46  Code  Gb  XShHandles.o [3]
__iar_sh_Pos            0x08006ac7   0x3e  Code  Gb  XShHandles.o [3]
__iar_sh_stdout         0x08006b29   0x20  Code  Gb  iarwstd.o [6]
__iar_sh_write          0x08006b49   0x22  Code  Gb  iarwrite.o [6]
__iar_ttio_handles      0x20000114    0x8  Data  Lc  XShttio.o [3]
__iar_ui2d              0x08005535         Code  Gb  I32ToDbl.o [4]
__iar_ui2f              0x08003701         Code  Gb  I32ToFlt.o [4]
__iar_unaligned___aeabi_memcpy
                        0x08002989         Code  Gb  ABImemcpy_unaligned.o [5]
__iar_unaligned___aeabi_memcpy4
                        0x080029a9         Code  Gb  ABImemcpy_unaligned.o [5]
__iar_unaligned___aeabi_memcpy8
                        0x080029a9         Code  Gb  ABImemcpy_unaligned.o [5]
__iar_zero_init3        0x0800754b   0x40  Code  Gb  zero_init3.o [5]
__low_level_init        0x0800767f    0x4  Code  Gb  low_level_init.o [3]
__lseek                 0x080069d1   0x4c  Code  Gb  lseek.o [6]
__vector_table          0x08000000         Data  Gb  startup_stm32f10x_md.o [1]
__write                 0x08006a2d   0x10  Code  Gb  write.o [6]
_call_main              0x08007671         Code  Gb  cmain.o [5]
_exit                   0x08007689         Code  Gb  cexit.o [5]
_main                   0x0800767b         Code  Gb  cmain.o [5]
app_rfReceiveCb         0x080058dd    0xa  Code  Gb  app.o [1]
assert_failed           0x08002bbf    0x2  Code  Gb  stm32f10x_assert.o [1]
bsp_DelayUS             0x08001569   0x46  Code  Gb  bsp_timer.o [1]
bsp_Init                0x08005d61   0x10  Code  Gb  bsp.o [1]
bsp_InitHardTimer       0x08001613   0x66  Code  Gb  bsp_timer.o [1]
bsp_InitSPIBus          0x0800514b   0xa8  Code  Lc  bsp_spi_bus.o [1]
bsp_InitTimer           0x080014fd   0x6c  Code  Gb  bsp_timer.o [1]
bsp_SPI_Init            0x08005121   0x2a  Code  Lc  bsp_spi_bus.o [1]
bsp_StartHardTimer      0x08001679   0xca  Code  Gb  bsp_timer.o [1]
bsp_StartTimer          0x080015af   0x64  Code  Gb  bsp_timer.o [1]
bsp_StartTimer::__FUNCTION__
                        0x080076d0   0x10  Data  Lc  bsp_timer.o [1]
bsp_sx127xIF_init       0x08005311    0xc  Code  Gb  bsp_spi_bus.o [1]
count                   0x2000361e    0x1  Data  Lc  key.o [1]
crc16                   0x08006285   0x30  Code  Gb  crc16.o [1]
crc16_tab               0x080063e4  0x200  Data  Lc  crc16.o [1]
datalen                 0x20003612    0x1  Data  Lc  app.o [1]
dnld_data               0x20003604    0x4  Data  Lc  sx127x_protocol.o [1]
dnld_data_buff          0x200034e0   0x40  Data  Gb  app.o [1]
ebuf                    0x20003440   0x50  Data  Lc  xfiles.o [3]
exit                    0x08007683    0x4  Code  Gb  exit.o [3]
fclose                  0x080073f1   0x7a  Code  Gb  fclose.o [3]
fengsu_disu             0x08002751    0xc  Code  Gb  lcd.o [1]
fengsu_gaosu            0x08002739    0xc  Code  Gb  lcd.o [1]
fengsu_zhongsu          0x08002745    0xc  Code  Gb  lcd.o [1]
fengsuxunhuan           0x20003617    0x1  Data  Gb  key.o [1]
fflush                  0x0800698b   0x34  Code  Gb  fflush.o [3]
fflushOne               0x08006915   0x76  Code  Lc  fflush.o [3]
flag_kaiguan            0x20003619    0x1  Data  Gb  key.o [1]
fputc                   0x080074f5   0x56  Code  Gb  fputc.o [3]
framer                  0x2000359c    0x4  Data  Gb  app.o [1]
free                    0x08006d6d   0x7a  Code  Gb  xxmemxfree.o [3]
fseek                   0x08006d49   0x22  Code  Gb  fseek.o [3]
gReceiveFlag            0x20003613    0x1  Data  Gb  app.o [1]
gRfBuffer               0x200032f8   0xc8  Data  Gb  bsp_spi_bus.o [1]
gRfLength               0x20003614    0x1  Data  Gb  bsp_spi_bus.o [1]
gRfPreMode              0x20000120    0x1  Data  Gb  bsp_spi_bus.o [1]
gRssi                   0x20003615    0x1  Data  Gb  bsp_spi_bus.o [1]
gewei                   0x2000361b    0x1  Data  Gb  key.o [1]
ht1621_init             0x08002597   0x3a  Code  Gb  lcd.o [1]
join_ack_infor          0x20003600    0x4  Data  Lc  sx127x_protocol.o [1]
kaiguanxunhuan          0x20003618    0x1  Data  Gb  key.o [1]
key                     0x20003616    0x1  Data  Gb  key.o [1]
lcd_clr                 0x080026d9    0xe  Code  Gb  lcd.o [1]
lcd_init                0x080025d1   0x86  Code  Gb  lcd.o [1]
main                    0x08005915   0x48  Code  Gb  app.o [1]
malloc                  0x08006c99   0xac  Code  Gb  xxmemxmalloc.o [3]
moshi_lengfeng          0x08002769    0xc  Code  Gb  lcd.o [1]
moshi_nuanfeng          0x08002775    0xc  Code  Gb  lcd.o [1]
moshixunhuan            0x20000121    0x1  Data  Gb  key.o [1]
obuf                    0x20003490   0x50  Data  Lc  xfiles.o [3]
os_time_a               0x200035f8    0x4  Data  Gb  sx127x_driv.o [1]
out                     0x0800426d   0x18  Code  Lc  xprintftiny.o [3]
prase_aircontrol        0x08000b35  0x2f0  Code  Gb  key.o [1]
printf                  0x08002bc1   0x24  Code  Gb  printf.o [3]
putchar                 0x080076c5    0xc  Code  Gb  putchar.o [3]
remove                  0x08007485   0x16  Code  Gb  remove.o [6]
rf_SFSet                0x08004d79   0x78  Code  Gb  sx127x_driv.o [1]
rf_clearRfBuffer        0x0800508d   0x18  Code  Gb  sx127x_driv.o [1]
rf_init                 0x08004df1   0x9a  Code  Gb  sx127x_driv.o [1]
rf_readFifo             0x08004d37   0x42  Code  Gb  sx127x_driv.o [1]
rf_readRegister         0x08004cf5   0x32  Code  Gb  sx127x_driv.o [1]
rf_receiveCb            0x200035a0    0x4  Data  Gb  bsp_spi_bus.o [1]
rf_receiveOn            0x08005027   0x66  Code  Gb  sx127x_driv.o [1]
rf_send                 0x08004f39   0xee  Code  Gb  sx127x_driv.o [1]
rf_sendByte             0x08004d27   0x10  Code  Gb  sx127x_driv.o [1]
rf_setChannel           0x08004e8b   0xae  Code  Gb  sx127x_driv.o [1]
rf_setRfMode            0x08004c15   0xb4  Code  Gb  sx127x_driv.o [1]
rf_writeRegister        0x08004cc9   0x2c  Code  Gb  sx127x_driv.o [1]
sFileInfo               0x200033c0   0x80  Data  Lc  XShHandles.o [3]
s_TIM_CallBack1         0x200035a4    0x4  Data  Lc  bsp_timer.o [1]
s_TIM_CallBack2         0x200035a8    0x4  Data  Lc  bsp_timer.o [1]
s_TIM_CallBack3         0x200035ac    0x4  Data  Lc  bsp_timer.o [1]
s_TIM_CallBack4         0x200035b0    0x4  Data  Lc  bsp_timer.o [1]
s_tTmr                  0x20003570    0xc  Data  Lc  bsp_timer.o [1]
shedingwenduzhi         0x20000122    0x1  Data  Gb  key.o [1]
shineigewei0            0x080027f9   0x14  Code  Gb  lcd.o [1]
shineigewei1            0x0800280d   0x14  Code  Gb  lcd.o [1]
shineigewei2            0x08002821   0x14  Code  Gb  lcd.o [1]
shineigewei3            0x08002835   0x14  Code  Gb  lcd.o [1]
shineigewei4            0x08002849   0x14  Code  Gb  lcd.o [1]
shineigewei5            0x0800285d   0x14  Code  Gb  lcd.o [1]
shineigewei6            0x08002871   0x14  Code  Gb  lcd.o [1]
shineigewei7            0x08002885   0x14  Code  Gb  lcd.o [1]
shineigewei8            0x08002899   0x14  Code  Gb  lcd.o [1]
shineigewei9            0x080028ad   0x14  Code  Gb  lcd.o [1]
shineishiwei1           0x08002781   0x14  Code  Gb  lcd.o [1]
shineishiwei2           0x08002795   0x14  Code  Gb  lcd.o [1]
shineishiwei3           0x080027a9   0x14  Code  Gb  lcd.o [1]
shineiwendu             0x0800275d    0xc  Code  Gb  lcd.o [1]
shiwei                  0x2000361a    0x1  Data  Gb  key.o [1]
store_bs_infor          0x200035fc    0x4  Data  Lc  sx127x_protocol.o [1]
strlen                  0x08004ba1         Code  Gb  strlen.o [5]
sx127x_ConfigGPIO       0x080051f3   0xd0  Code  Lc  bsp_spi_bus.o [1]
test_data               0x20000000   0x1c  Data  Gb  app.o [1]
up_buff                 0x2000357c    0x8  Data  Gb  key.o [1]
wendujianxianshi        0x08001fb1  0x1f6  Code  Gb  up.o [1]
wendujiaxianshi         0x08001d99  0x218  Code  Gb  up.o [1]
write_addr_dat_n        0x080026e7   0x48  Code  Gb  lcd.o [1]
write_address           0x080024db   0x60  Code  Gb  lcd.o [1]
write_command           0x08002449   0x92  Code  Gb  lcd.o [1]
write_data_8bit         0x0800253b   0x5c  Code  Gb  lcd.o [1]
write_mode              0x08002399   0xb0  Code  Gb  lcd.o [1]
zidong_flag             0x2000361f    0x1  Data  Gb  key.o [1]


[1] = E:\资料\文件\程序\chengxu\空调程序链接基站20190807\IAR7_AirCo_Four_UPAndDownSUC0829\IAR7_AirCo_Four_UPAndDownSUC0829\Project\EWARMv6\Debug\Obj
[2] = command line
[3] = dl7M_tlf.a
[4] = m7M_tl.a
[5] = rt7M_tl.a
[6] = shb_l.a

  28 388 bytes of readonly  code memory
   2 568 bytes of readonly  data memory
  13 868 bytes of readwrite data memory

Errors: none
Warnings: none
